---
source: src/views/src/ui/font/mod.rs
expression: output.into_inner()
---
<svg viewBox="0 0 212 31" xmlns="http://www.w3.org/2000/svg">
<path d="M90.44287,1293.5708 L90.44287,1490 L1246.6714,1490 L1246.6714,1293.5708 L783.6299,1293.5708 L783.6299,0 L555.1245,0 L555.1245,1293.5708 L90.44287,1293.5708 z" fill="#000000ff" transform="matrix(0.0063476563 0 0 -0.0063476563 0 12.59375)"/>
<path d="M367.86865,662.4429 L367.86865,0 L147.92383,0 L147.92383,1490 L366.06934,1490 L366.06934,844.301 L337.22852,844.301 Q385.8894,994.26294,478.77002,1063.1315 Q571.65063,1132,703.5088,1132 Q817.5884,1132,903.44824,1084.1505 Q989.3081,1036.301,1036.8981,942.5311 Q1084.488,848.7612,1084.488,710.35986 L1084.488,0 L863.72314,0 L863.72314,682.9446 Q863.72314,803.6677,800.8114,872.07947 Q737.89966,940.4912,628.27686,940.4912 Q553.85474,940.4912,494.80286,907.9203 Q435.75098,875.34937,401.8098,813.2975 Q367.86865,751.2456,367.86865,662.4429 z" fill="#000000ff" transform="matrix(0.0063476563 0 0 -0.0063476563 8.486816 12.59375)"/>
<path d="M147.92383,0 L147.92383,1118 L367.86865,1118 L367.86865,0 L147.92383,0 z M258.53638,1288.5847 Q201.9585,1288.5847,161.17993,1327.013 Q120.40137,1365.4413,120.40137,1419.2408 Q120.40137,1474.1384,161.17993,1512.0571 Q201.9585,1549.9758,258.53638,1549.9758 Q315.8829,1549.9758,356.6872,1512.0764 Q397.49146,1474.177,397.49146,1419.2502 Q397.49146,1365.4221,356.6872,1327.0034 Q315.8829,1288.5847,258.53638,1288.5847 z" fill="#000000ff" transform="matrix(0.0063476563 0 0 -0.0063476563 16.307129 12.59375)"/>
<path d="M549.3357,-23.280273 Q427.67822,-23.280273,333.32007,11.929077 Q238.96191,47.138428,178.3529,115.567505 Q117.7439,183.99658,97.92383,282.51563 L305.0901,325.85474 Q328.37036,238.53296,391.00183,196.88245 Q453.6333,155.23193,550.9343,155.23193 Q657.4983,155.23193,720.4308,199.47412 Q783.3633,243.71631,783.3633,306.4187 Q783.3633,359.74048,744.57263,394.7318 Q705.782,429.72314,625.8408,447.46362 L437.68164,490.02417 Q282.44287,525.1245,206.46362,601.88403 Q130.48438,678.64355,130.48438,799.1626 Q130.48438,898.94116,186.0138,973.79065 Q241.54321,1048.6401,339.0017,1090.3201 Q436.4602,1132,562.8374,1132 Q683.77515,1132,769.76306,1096.7803 Q855.751,1061.5605,909.3098,998.99133 Q962.86865,936.4221,986.4292,853.2837 L789.06226,809.6643 Q767.8616,868.76465,716.0709,913.53625 Q664.2803,958.30786,565.0969,958.30786 Q473.73364,958.30786,412.72156,917.256 Q351.70947,876.2041,351.70947,812.5017 Q351.70947,757.1592,392.48108,722.4481 Q433.2527,687.73706,524.9551,666.89624 L704.57104,626.89624 Q859.98975,591.9758,935.05896,516.7457 Q1010.1282,441.51563,1010.1282,324.89624 Q1010.1282,222.93774,951.74927,144.4585 Q893.37036,65.97925,789.46204,21.349487 Q685.5537,-23.280273,549.3357,-23.280273 z" fill="#000000ff" transform="matrix(0.0063476563 0 0 -0.0063476563 19.58252 12.59375)"/>
<path d="M549.3357,-23.280273 Q427.67822,-23.280273,333.32007,11.929077 Q238.96191,47.138428,178.3529,115.567505 Q117.7439,183.99658,97.92383,282.51563 L305.0901,325.85474 Q328.37036,238.53296,391.00183,196.88245 Q453.6333,155.23193,550.9343,155.23193 Q657.4983,155.23193,720.4308,199.47412 Q783.3633,243.71631,783.3633,306.4187 Q783.3633,359.74048,744.57263,394.7318 Q705.782,429.72314,625.8408,447.46362 L437.68164,490.02417 Q282.44287,525.1245,206.46362,601.88403 Q130.48438,678.64355,130.48438,799.1626 Q130.48438,898.94116,186.0138,973.79065 Q241.54321,1048.6401,339.0017,1090.3201 Q436.4602,1132,562.8374,1132 Q683.77515,1132,769.76306,1096.7803 Q855.751,1061.5605,909.3098,998.99133 Q962.86865,936.4221,986.4292,853.2837 L789.06226,809.6643 Q767.8616,868.76465,716.0709,913.53625 Q664.2803,958.30786,565.0969,958.30786 Q473.73364,958.30786,412.72156,917.256 Q351.70947,876.2041,351.70947,812.5017 Q351.70947,757.1592,392.48108,722.4481 Q433.2527,687.73706,524.9551,666.89624 L704.57104,626.89624 Q859.98975,591.9758,935.05896,516.7457 Q1010.1282,441.51563,1010.1282,324.89624 Q1010.1282,222.93774,951.74927,144.4585 Q893.37036,65.97925,789.46204,21.349487 Q685.5537,-23.280273,549.3357,-23.280273 z" fill="#000000ff" transform="matrix(0.0063476563 0 0 -0.0063476563 30.049805 12.59375)"/>
<path d="M147.92383,-418 L147.92383,1118 L362.22852,1118 L362.22852,935.94116 L380.4292,935.94116 Q399.969,970.7993,435.40845,1016.74915 Q470.8479,1062.699,534.578,1097.3495 Q598.3081,1132,702.6299,1132 Q837.41187,1132,942.65234,1063.9792 Q1047.8928,995.9585,1108.8427,866.9983 Q1169.7925,738.0381,1169.7925,556.35986 Q1169.7925,375.6609,1109.7925,246.20068 Q1049.7925,116.74048,944.46204,47.269897 Q839.1316,-22.200684,702.7302,-22.200684 Q601.7683,-22.200684,537.3981,12.410034 Q473.02783,47.020752,436.58838,93.16089 Q400.14893,139.30103,380.4292,174.97925 L367.86865,174.97925 L367.86865,-418 L147.92383,-418 z M653.9585,165.24927 Q750.14185,165.24927,814.88403,217.25098 Q879.6262,269.2527,912.42725,358.27515 Q945.2283,447.2976,945.2283,558 Q945.2283,668.06226,912.8373,755.4446 Q880.4463,842.8269,815.7041,893.6885 Q750.9619,944.55005,653.9585,944.55005 Q559.5952,944.55005,494.99316,896.1487 Q430.3911,847.7473,397.41016,761.18506 Q364.4292,674.6228,364.4292,558 Q364.4292,441.73706,397.8202,353.2146 Q431.21118,264.69214,496.22327,214.9707 Q561.23535,165.24927,653.9585,165.24927 z" fill="#000000ff" transform="matrix(0.0063476563 0 0 -0.0063476563 37.05127 12.59375)"/>
<path d="M460.7439,-24.560547 Q354.56396,-24.560547,268.7837,14.629761 Q183.00342,53.82007,132.90308,129.92041 Q82.802734,206.02075,82.802734,316.20068 Q82.802734,411.48096,119.54321,472.3806 Q156.28369,533.2803,218.4342,569.0398 Q280.58472,604.7993,357.1349,622.78894 Q433.68506,640.77856,513.30444,650.05884 Q612.22485,661.97925,674.0553,669.51904 Q735.88574,677.05884,765.4861,694.50867 Q795.0864,711.9585,795.0864,751.3391 L795.0864,756.97925 Q795.0864,819.60205,770.9757,862.974 Q746.865,906.34595,699.18335,929.557 Q651.5017,952.76807,580.51904,952.76807 Q508.07617,952.76807,455.7544,930.2871 Q403.43262,907.80615,370.6316,873.0951 Q337.83057,838.38403,321.8098,800.2837 L114.802734,853.5051 Q152.94458,954.0657,223.96533,1015.07434 Q294.98608,1076.083,386.8546,1104.0415 Q478.72314,1132,577.4983,1132 Q644.834,1132,720.8323,1115.891 Q796.83057,1099.782,863.6904,1057.9827 Q930.5503,1016.18335,972.7908,939.8425 Q1015.03125,863.5017,1015.03125,742.218 L1015.03125,0 L802.22485,0 L802.22485,153.07959 L790.9446,153.07959 Q769.2456,109.76123,726.256,68.801025 Q683.26636,27.84082,617.5259,1.6401367 Q551.7854,-24.560547,460.7439,-24.560547 z M509.55713,151.53296 Q599.8408,151.53296,663.71277,186.93433 Q727.5847,222.3357,761.69543,279.97754 Q795.80615,337.6194,795.80615,402.56055 L795.80615,546.22485 Q783.9065,534.4844,750.3252,524.79407 Q716.7439,515.10376,674.10205,507.64355 Q631.4602,500.18335,591.09863,494.95325 Q550.73706,489.72314,525.0969,486.5432 Q463.3357,478.72314,411.69385,459.76294 Q360.052,440.80273,329.65063,405.82178 Q299.24927,370.84082,299.24927,313.13843 Q299.24927,259.99658,326.5503,224.14539 Q353.85132,188.29419,401.1731,169.91357 Q448.49487,151.53296,509.55713,151.53296 z" fill="#000000ff" transform="matrix(0.0063476563 0 0 -0.0063476563 45.214355 12.59375)"/>
<path d="M617.85815,-23.280273 Q460.4602,-23.280273,343.26123,48.809692 Q226.06226,120.89966,161.25256,250.8097 Q96.44287,380.71973,96.44287,552.7197 Q96.44287,727.17993,161.25256,857.5 Q226.06226,987.82007,343.26123,1059.91 Q460.4602,1132,617.85815,1132 Q705.15576,1132,781.11426,1109.3806 Q857.07275,1086.7612,918.3721,1044.3823 Q979.6714,1002.0034,1022.3115,940.72485 Q1064.9517,879.4463,1085.6125,802.1279 L877.34595,752.04834 Q866.2456,795.2283,843.3148,830.77844 Q820.38403,866.3286,787.673,892.19885 Q754.9619,918.0691,712.4706,932.0293 Q669.97925,945.9895,618.93774,945.9895 Q517.5537,945.9895,451.49146,892.61755 Q385.4292,839.2456,352.85828,750.3633 Q320.28735,661.48096,320.28735,553.0796 Q320.28735,446.4983,352.85828,357.84607 Q385.4292,269.19385,451.49146,215.96204 Q517.5537,162.73022,618.93774,162.73022 Q670.7993,162.73022,714.1107,177.19043 Q757.4221,191.65063,791.0432,218.43091 Q824.6643,245.21118,847.5951,282.6714 Q870.5259,320.1316,881.4463,365.1316 L1088.8928,315.23193 Q1069.052,235.73364,1026.0018,173.45508 Q982.95166,111.17651,921.3323,66.97754 Q859.7129,22.778564,782.84436,-0.2508545 Q705.9758,-23.280273,617.85815,-23.280273 z" fill="#000000ff" transform="matrix(0.0063476563 0 0 -0.0063476563 52.59668 12.59375)"/>
<path d="M629.7993,-23.280273 Q464.74048,-23.280273,345.0813,48.089966 Q225.42212,119.460205,160.9325,248.4602 Q96.44287,377.4602,96.44287,551.0796 Q96.44287,723.2595,159.79236,853.9896 Q223.14185,984.7197,339.07092,1058.3599 Q455,1132,610.77856,1132 Q706.61597,1132,795.9949,1100.7007 Q885.3738,1069.4014,956.3236,1002.282 Q1027.2734,935.1626,1068.7336,828.3425 Q1110.1938,721.52246,1110.1938,570.301 L1110.1938,492.2422 L218.80273,492.2422 L218.80273,656.47754 L996.82007,656.47754 L894.1072,602.27686 Q894.1072,704.7197,862.2162,783.2024 Q830.3252,861.68506,767.5432,905.8667 Q704.7612,950.04834,611.4983,950.04834 Q518.23535,950.04834,452.1731,905.04663 Q386.11084,860.0449,351.3496,786.48267 Q316.58838,712.9204,316.58838,626.05884 L316.58838,514.4429 Q316.58838,399.43945,356.0797,319.77686 Q395.57104,240.11426,466.8634,199.39282 Q538.15576,158.67139,632.05884,158.67139 Q693.56055,158.67139,743.87195,176.3219 Q794.18335,193.97241,830.4844,229.41357 Q866.7854,264.85474,886.166,317.1765 L1092.5537,268.4568 Q1066.1938,181.57788,1002.57446,115.86853 Q938.9551,50.15918,844.39624,13.439453 Q749.8374,-23.280273,629.7993,-23.280273 z" fill="#000000ff" transform="matrix(0.0063476563 0 0 -0.0063476563 60.09961 12.59375)"/>
<path d="M147.92383,0 L147.92383,1118 L367.86865,1118 L367.86865,0 L147.92383,0 z M258.53638,1288.5847 Q201.9585,1288.5847,161.17993,1327.013 Q120.40137,1365.4413,120.40137,1419.2408 Q120.40137,1474.1384,161.17993,1512.0571 Q201.9585,1549.9758,258.53638,1549.9758 Q315.8829,1549.9758,356.6872,1512.0764 Q397.49146,1474.177,397.49146,1419.2502 Q397.49146,1365.4221,356.6872,1327.0034 Q315.8829,1288.5847,258.53638,1288.5847 z" fill="#000000ff" transform="matrix(0.0063476563 0 0 -0.0063476563 71.20166 12.59375)"/>
<path d="M367.86865,662.4429 L367.86865,0 L147.92383,0 L147.92383,1118 L357.62988,1118 L359.8894,844.301 L337.22852,844.301 Q385.8894,994.26294,478.77002,1063.1315 Q571.65063,1132,703.5088,1132 Q817.5884,1132,903.0382,1084.1505 Q988.48804,1036.301,1036.078,942.5311 Q1083.668,848.7612,1083.668,710.35986 L1083.668,0 L863.72314,0 L863.72314,682.9446 Q863.72314,803.6677,800.8114,872.07947 Q737.89966,940.4912,628.27686,940.4912 Q553.85474,940.4912,494.80286,907.9203 Q435.75098,875.34937,401.8098,813.2975 Q367.86865,751.2456,367.86865,662.4429 z" fill="#000000ff" transform="matrix(0.0063476563 0 0 -0.0063476563 74.47705 12.59375)"/>
<path d="M626.4292,1118 L626.4292,939.16943 L20,939.16943 L20,1118 L626.4292,1118 z M183.32178,1384 L403.2666,1384 L403.2666,302.41528 Q403.2666,234.61255,431.51746,203.17139 Q459.7683,171.73022,525.1904,171.73022 Q542.37036,171.73022,570.3098,175.82019 Q598.24927,179.91016,618.27,183.91016 L657.24927,7.619385 Q621.8721,-4,581.7838,-9.269897 Q541.69556,-14.539795,503.27686,-14.539795 Q350.5398,-14.539795,266.9308,63.669556 Q183.32178,141.8789,183.32178,284.27686 L183.32178,1384 z" fill="#000000ff" transform="matrix(0.0063476563 0 0 -0.0063476563 82.29736 12.59375)"/>
<path d="M629.7993,-23.280273 Q464.74048,-23.280273,345.0813,48.089966 Q225.42212,119.460205,160.9325,248.4602 Q96.44287,377.4602,96.44287,551.0796 Q96.44287,723.2595,159.79236,853.9896 Q223.14185,984.7197,339.07092,1058.3599 Q455,1132,610.77856,1132 Q706.61597,1132,795.9949,1100.7007 Q885.3738,1069.4014,956.3236,1002.282 Q1027.2734,935.1626,1068.7336,828.3425 Q1110.1938,721.52246,1110.1938,570.301 L1110.1938,492.2422 L218.80273,492.2422 L218.80273,656.47754 L996.82007,656.47754 L894.1072,602.27686 Q894.1072,704.7197,862.2162,783.2024 Q830.3252,861.68506,767.5432,905.8667 Q704.7612,950.04834,611.4983,950.04834 Q518.23535,950.04834,452.1731,905.04663 Q386.11084,860.0449,351.3496,786.48267 Q316.58838,712.9204,316.58838,626.05884 L316.58838,514.4429 Q316.58838,399.43945,356.0797,319.77686 Q395.57104,240.11426,466.8634,199.39282 Q538.15576,158.67139,632.05884,158.67139 Q693.56055,158.67139,743.87195,176.3219 Q794.18335,193.97241,830.4844,229.41357 Q866.7854,264.85474,886.166,317.1765 L1092.5537,268.4568 Q1066.1938,181.57788,1002.57446,115.86853 Q938.9551,50.15918,844.39624,13.439453 Q749.8374,-23.280273,629.7993,-23.280273 z" fill="#000000ff" transform="matrix(0.0063476563 0 0 -0.0063476563 86.59473 12.59375)"/>
<path d="M367.86865,662.4429 L367.86865,0 L147.92383,0 L147.92383,1118 L357.62988,1118 L359.8894,844.301 L337.22852,844.301 Q385.8894,994.26294,478.77002,1063.1315 Q571.65063,1132,703.5088,1132 Q817.5884,1132,903.0382,1084.1505 Q988.48804,1036.301,1036.078,942.5311 Q1083.668,848.7612,1083.668,710.35986 L1083.668,0 L863.72314,0 L863.72314,682.9446 Q863.72314,803.6677,800.8114,872.07947 Q737.89966,940.4912,628.27686,940.4912 Q553.85474,940.4912,494.80286,907.9203 Q435.75098,875.34937,401.8098,813.2975 Q367.86865,751.2456,367.86865,662.4429 z" fill="#000000ff" transform="matrix(0.0063476563 0 0 -0.0063476563 94.23096 12.59375)"/>
<path d="M626.4292,1118 L626.4292,939.16943 L20,939.16943 L20,1118 L626.4292,1118 z M183.32178,1384 L403.2666,1384 L403.2666,302.41528 Q403.2666,234.61255,431.51746,203.17139 Q459.7683,171.73022,525.1904,171.73022 Q542.37036,171.73022,570.3098,175.82019 Q598.24927,179.91016,618.27,183.91016 L657.24927,7.619385 Q621.8721,-4,581.7838,-9.269897 Q541.69556,-14.539795,503.27686,-14.539795 Q350.5398,-14.539795,266.9308,63.669556 Q183.32178,141.8789,183.32178,284.27686 L183.32178,1384 z" fill="#000000ff" transform="matrix(0.0063476563 0 0 -0.0063476563 102.05127 12.59375)"/>
<path d="M147.92383,0 L147.92383,1118 L367.86865,1118 L367.86865,0 L147.92383,0 z M258.53638,1288.5847 Q201.9585,1288.5847,161.17993,1327.013 Q120.40137,1365.4413,120.40137,1419.2408 Q120.40137,1474.1384,161.17993,1512.0571 Q201.9585,1549.9758,258.53638,1549.9758 Q315.8829,1549.9758,356.6872,1512.0764 Q397.49146,1474.177,397.49146,1419.2502 Q397.49146,1365.4221,356.6872,1327.0034 Q315.8829,1288.5847,258.53638,1288.5847 z" fill="#000000ff" transform="matrix(0.0063476563 0 0 -0.0063476563 106.475586 12.59375)"/>
<path d="M618.0381,-23.280273 Q460.64014,-23.280273,343.3512,48.809692 Q226.06226,120.89966,161.25256,250.8097 Q96.44287,380.71973,96.44287,552.7197 Q96.44287,727.17993,161.25256,857.5 Q226.06226,987.82007,343.3512,1059.91 Q460.64014,1132,618.0381,1132 Q776.2561,1132,893.77515,1059.91 Q1011.2942,987.82007,1076.1039,857.5 Q1140.9136,727.17993,1140.9136,552.7197 Q1140.9136,380.71973,1076.1039,250.8097 Q1011.2942,120.89966,893.77515,48.809692 Q776.2561,-23.280273,618.0381,-23.280273 z M618.0381,162.73022 Q720.06226,162.73022,786.6747,216.23193 Q853.2871,269.73364,885.58813,358.47583 Q917.88916,447.21802,917.88916,553.0796 Q917.88916,659.94116,885.58813,749.2335 Q853.2871,838.5259,786.6747,892.2577 Q720.06226,945.9895,618.0381,945.9895 Q516.65405,945.9895,450.77173,892.2577 Q384.8894,838.5259,352.58838,749.64355 Q320.28735,660.7612,320.28735,553.0796 Q320.28735,447.21802,352.58838,358.47583 Q384.8894,269.73364,450.77173,216.23193 Q516.65405,162.73022,618.0381,162.73022 z" fill="#000000ff" transform="matrix(0.0063476563 0 0 -0.0063476563 109.75098 12.59375)"/>
<path d="M367.86865,662.4429 L367.86865,0 L147.92383,0 L147.92383,1118 L357.62988,1118 L359.8894,844.301 L337.22852,844.301 Q385.8894,994.26294,478.77002,1063.1315 Q571.65063,1132,703.5088,1132 Q817.5884,1132,903.0382,1084.1505 Q988.48804,1036.301,1036.078,942.5311 Q1083.668,848.7612,1083.668,710.35986 L1083.668,0 L863.72314,0 L863.72314,682.9446 Q863.72314,803.6677,800.8114,872.07947 Q737.89966,940.4912,628.27686,940.4912 Q553.85474,940.4912,494.80286,907.9203 Q435.75098,875.34937,401.8098,813.2975 Q367.86865,751.2456,367.86865,662.4429 z" fill="#000000ff" transform="matrix(0.0063476563 0 0 -0.0063476563 117.60303 12.59375)"/>
<path d="M460.7439,-24.560547 Q354.56396,-24.560547,268.7837,14.629761 Q183.00342,53.82007,132.90308,129.92041 Q82.802734,206.02075,82.802734,316.20068 Q82.802734,411.48096,119.54321,472.3806 Q156.28369,533.2803,218.4342,569.0398 Q280.58472,604.7993,357.1349,622.78894 Q433.68506,640.77856,513.30444,650.05884 Q612.22485,661.97925,674.0553,669.51904 Q735.88574,677.05884,765.4861,694.50867 Q795.0864,711.9585,795.0864,751.3391 L795.0864,756.97925 Q795.0864,819.60205,770.9757,862.974 Q746.865,906.34595,699.18335,929.557 Q651.5017,952.76807,580.51904,952.76807 Q508.07617,952.76807,455.7544,930.2871 Q403.43262,907.80615,370.6316,873.0951 Q337.83057,838.38403,321.8098,800.2837 L114.802734,853.5051 Q152.94458,954.0657,223.96533,1015.07434 Q294.98608,1076.083,386.8546,1104.0415 Q478.72314,1132,577.4983,1132 Q644.834,1132,720.8323,1115.891 Q796.83057,1099.782,863.6904,1057.9827 Q930.5503,1016.18335,972.7908,939.8425 Q1015.03125,863.5017,1015.03125,742.218 L1015.03125,0 L802.22485,0 L802.22485,153.07959 L790.9446,153.07959 Q769.2456,109.76123,726.256,68.801025 Q683.26636,27.84082,617.5259,1.6401367 Q551.7854,-24.560547,460.7439,-24.560547 z M509.55713,151.53296 Q599.8408,151.53296,663.71277,186.93433 Q727.5847,222.3357,761.69543,279.97754 Q795.80615,337.6194,795.80615,402.56055 L795.80615,546.22485 Q783.9065,534.4844,750.3252,524.79407 Q716.7439,515.10376,674.10205,507.64355 Q631.4602,500.18335,591.09863,494.95325 Q550.73706,489.72314,525.0969,486.5432 Q463.3357,478.72314,411.69385,459.76294 Q360.052,440.80273,329.65063,405.82178 Q299.24927,370.84082,299.24927,313.13843 Q299.24927,259.99658,326.5503,224.14539 Q353.85132,188.29419,401.1731,169.91357 Q448.49487,151.53296,509.55713,151.53296 z" fill="#000000ff" transform="matrix(0.0063476563 0 0 -0.0063476563 125.42334 12.59375)"/>
<path d="M367.86865,1490 L367.86865,0 L147.92383,0 L147.92383,1490 L367.86865,1490 z" fill="#000000ff" transform="matrix(0.0063476563 0 0 -0.0063476563 132.80566 12.59375)"/>
<path d="M367.86865,1490 L367.86865,0 L147.92383,0 L147.92383,1490 L367.86865,1490 z" fill="#000000ff" transform="matrix(0.0063476563 0 0 -0.0063476563 136.08105 12.59375)"/>
<path d="M133.34253,-401.94116 L186.89966,-222.55005 L211.8374,-229.16943 Q268.81665,-243.70923,314.35645,-237.0293 Q359.89624,-230.34937,393.3772,-194.68848 Q426.85815,-159.02759,446.84082,-87.12451 L471.10376,-5.100342 L46.44287,1118 L283.9275,1118 L505.19385,482.52954 Q542.11426,376.5503,566.58484,271.94128 Q591.0554,167.33228,619.5156,63.415283 L552.2561,63.415283 Q580.7163,167.33228,607.3063,272.53125 Q633.89624,377.73022,670.5364,482.52954 L896.14185,1118 L1131.7268,1118 L646.12476,-155.30444 Q612.12476,-244.6643,562.7355,-305.0432 Q513.3462,-365.42212,445.0382,-395.71106 Q376.73022,-426,286.57446,-426 Q234.7959,-426,194.03809,-418.4602 Q153.28027,-410.9204,133.34253,-401.94116 z" fill="#000000ff" transform="matrix(0.0063476563 0 0 -0.0063476563 139.44531 12.59375)"/>
<path d="M367.86865,1490 L367.86865,0 L147.92383,0 L147.92383,1490 L367.86865,1490 z" fill="#000000ff" transform="matrix(0.0063476563 0 0 -0.0063476563 150.38867 12.59375)"/>
<path d="M629.7993,-23.280273 Q464.74048,-23.280273,345.0813,48.089966 Q225.42212,119.460205,160.9325,248.4602 Q96.44287,377.4602,96.44287,551.0796 Q96.44287,723.2595,159.79236,853.9896 Q223.14185,984.7197,339.07092,1058.3599 Q455,1132,610.77856,1132 Q706.61597,1132,795.9949,1100.7007 Q885.3738,1069.4014,956.3236,1002.282 Q1027.2734,935.1626,1068.7336,828.3425 Q1110.1938,721.52246,1110.1938,570.301 L1110.1938,492.2422 L218.80273,492.2422 L218.80273,656.47754 L996.82007,656.47754 L894.1072,602.27686 Q894.1072,704.7197,862.2162,783.2024 Q830.3252,861.68506,767.5432,905.8667 Q704.7612,950.04834,611.4983,950.04834 Q518.23535,950.04834,452.1731,905.04663 Q386.11084,860.0449,351.3496,786.48267 Q316.58838,712.9204,316.58838,626.05884 L316.58838,514.4429 Q316.58838,399.43945,356.0797,319.77686 Q395.57104,240.11426,466.8634,199.39282 Q538.15576,158.67139,632.05884,158.67139 Q693.56055,158.67139,743.87195,176.3219 Q794.18335,193.97241,830.4844,229.41357 Q866.7854,264.85474,886.166,317.1765 L1092.5537,268.4568 Q1066.1938,181.57788,1002.57446,115.86853 Q938.9551,50.15918,844.39624,13.439453 Q749.8374,-23.280273,629.7993,-23.280273 z" fill="#000000ff" transform="matrix(0.0063476563 0 0 -0.0063476563 153.66406 12.59375)"/>
<path d="M701.9309,1118 L701.9309,939.16943 L20,939.16943 L20,1118 L701.9309,1118 z M232.44287,0 L232.44287,1245.948 Q232.44287,1350.3252,278.57263,1420.0034 Q324.7024,1489.6816,400.76123,1524.8408 Q476.82007,1560,565.19727,1560 Q631.5364,1560,679.0243,1549.2301 Q726.5122,1538.4602,749.03125,1529.6401 L697.5918,1351.5293 Q682.15234,1356.7092,658.57275,1362.3494 Q634.99316,1367.9895,599.69214,1367.9895 Q521.5503,1367.9895,486.78906,1328.8182 Q452.02783,1289.647,452.02783,1216.0242 L452.02783,0 L232.44287,0 z" fill="#000000ff" transform="matrix(0.0063476563 0 0 -0.0063476563 161.3003 12.59375)"/>
<path d="M626.4292,1118 L626.4292,939.16943 L20,939.16943 L20,1118 L626.4292,1118 z M183.32178,1384 L403.2666,1384 L403.2666,302.41528 Q403.2666,234.61255,431.51746,203.17139 Q459.7683,171.73022,525.1904,171.73022 Q542.37036,171.73022,570.3098,175.82019 Q598.24927,179.91016,618.27,183.91016 L657.24927,7.619385 Q621.8721,-4,581.7838,-9.269897 Q541.69556,-14.539795,503.27686,-14.539795 Q350.5398,-14.539795,266.9308,63.669556 Q183.32178,141.8789,183.32178,284.27686 L183.32178,1384 z" fill="#000000ff" transform="matrix(0.0063476563 0 0 -0.0063476563 165.7627 12.59375)"/>
<path d="M702.7302,-22.200684 Q601.7683,-22.200684,537.3981,12.410034 Q473.02783,47.020752,436.58838,93.16089 Q400.14893,139.30103,380.4292,174.97925 L362.22852,174.97925 L362.22852,0 L147.92383,0 L147.92383,1490 L367.86865,1490 L367.86865,935.94116 L380.4292,935.94116 Q399.969,970.7993,435.40845,1016.74915 Q470.8479,1062.699,534.578,1097.3495 Q598.3081,1132,702.6299,1132 Q837.41187,1132,942.65234,1063.9792 Q1047.8928,995.9585,1108.8427,866.9983 Q1169.7925,738.0381,1169.7925,556.35986 Q1169.7925,375.6609,1109.7925,246.20068 Q1049.7925,116.74048,944.46204,47.269897 Q839.1316,-22.200684,702.7302,-22.200684 z M653.9585,165.24927 Q750.14185,165.24927,814.88403,217.25098 Q879.6262,269.2527,912.42725,358.27515 Q945.2283,447.2976,945.2283,558 Q945.2283,668.06226,912.8373,755.4446 Q880.4463,842.8269,815.7041,893.6885 Q750.9619,944.55005,653.9585,944.55005 Q559.5952,944.55005,494.99316,896.1487 Q430.3911,847.7473,397.41016,761.18506 Q364.4292,674.6228,364.4292,558 Q364.4292,441.73706,397.8202,353.2146 Q431.21118,264.69214,496.22327,214.9707 Q561.23535,165.24927,653.9585,165.24927 z" fill="#000000ff" transform="matrix(0.0063476563 0 0 -0.0063476563 173.65283 12.59375)"/>
<path d="M367.86865,1490 L367.86865,0 L147.92383,0 L147.92383,1490 L367.86865,1490 z" fill="#000000ff" transform="matrix(0.0063476563 0 0 -0.0063476563 181.68896 12.59375)"/>
<path d="M460.7439,-24.560547 Q354.56396,-24.560547,268.7837,14.629761 Q183.00342,53.82007,132.90308,129.92041 Q82.802734,206.02075,82.802734,316.20068 Q82.802734,411.48096,119.54321,472.3806 Q156.28369,533.2803,218.4342,569.0398 Q280.58472,604.7993,357.1349,622.78894 Q433.68506,640.77856,513.30444,650.05884 Q612.22485,661.97925,674.0553,669.51904 Q735.88574,677.05884,765.4861,694.50867 Q795.0864,711.9585,795.0864,751.3391 L795.0864,756.97925 Q795.0864,819.60205,770.9757,862.974 Q746.865,906.34595,699.18335,929.557 Q651.5017,952.76807,580.51904,952.76807 Q508.07617,952.76807,455.7544,930.2871 Q403.43262,907.80615,370.6316,873.0951 Q337.83057,838.38403,321.8098,800.2837 L114.802734,853.5051 Q152.94458,954.0657,223.96533,1015.07434 Q294.98608,1076.083,386.8546,1104.0415 Q478.72314,1132,577.4983,1132 Q644.834,1132,720.8323,1115.891 Q796.83057,1099.782,863.6904,1057.9827 Q930.5503,1016.18335,972.7908,939.8425 Q1015.03125,863.5017,1015.03125,742.218 L1015.03125,0 L802.22485,0 L802.22485,153.07959 L790.9446,153.07959 Q769.2456,109.76123,726.256,68.801025 Q683.26636,27.84082,617.5259,1.6401367 Q551.7854,-24.560547,460.7439,-24.560547 z M509.55713,151.53296 Q599.8408,151.53296,663.71277,186.93433 Q727.5847,222.3357,761.69543,279.97754 Q795.80615,337.6194,795.80615,402.56055 L795.80615,546.22485 Q783.9065,534.4844,750.3252,524.79407 Q716.7439,515.10376,674.10205,507.64355 Q631.4602,500.18335,591.09863,494.95325 Q550.73706,489.72314,525.0969,486.5432 Q463.3357,478.72314,411.69385,459.76294 Q360.052,440.80273,329.65063,405.82178 Q299.24927,370.84082,299.24927,313.13843 Q299.24927,259.99658,326.5503,224.14539 Q353.85132,188.29419,401.1731,169.91357 Q448.49487,151.53296,509.55713,151.53296 z" fill="#000000ff" transform="matrix(0.0063476563 0 0 -0.0063476563 184.96436 12.59375)"/>
<path d="M367.86865,662.4429 L367.86865,0 L147.92383,0 L147.92383,1118 L357.62988,1118 L359.8894,844.301 L337.22852,844.301 Q385.8894,994.26294,478.77002,1063.1315 Q571.65063,1132,703.5088,1132 Q817.5884,1132,903.0382,1084.1505 Q988.48804,1036.301,1036.078,942.5311 Q1083.668,848.7612,1083.668,710.35986 L1083.668,0 L863.72314,0 L863.72314,682.9446 Q863.72314,803.6677,800.8114,872.07947 Q737.89966,940.4912,628.27686,940.4912 Q553.85474,940.4912,494.80286,907.9203 Q435.75098,875.34937,401.8098,813.2975 Q367.86865,751.2456,367.86865,662.4429 z" fill="#000000ff" transform="matrix(0.0063476563 0 0 -0.0063476563 192.34668 12.59375)"/>
<path d="M351.29077,377.16943 L351.29077,646.052 L388.4292,646.052 L829.0034,1118 L1093.2078,1118 L587.54346,577.10376 L550.6299,577.10376 L351.29077,377.16943 z M147.92383,0 L147.92383,1490 L367.86865,1490 L367.86865,0 L147.92383,0 z M851.865,0 L454.81323,528.1072 L606.9241,683.7163 L1123.7095,0 L851.865,0 z" fill="#000000ff" transform="matrix(0.0063476563 0 0 -0.0063476563 200.16699 12.59375)"/>
<path d="M310.65405,-14.979248 Q248.89624,-14.979248,205.88757,27.849487 Q162.8789,70.67822,162.8789,132.2561 Q162.8789,193.83398,205.88757,236.66272 Q248.89624,279.49146,310.65405,279.49146 Q372.41187,279.49146,415.42053,236.66272 Q458.4292,193.83398,458.4292,132.2561 Q458.4292,70.67822,415.42053,27.849487 Q372.41187,-14.979248,310.65405,-14.979248 z" fill="#000000ff" transform="matrix(0.0063476563 0 0 -0.0063476563 207.43506 12.59375)"/>
<path d="M628,-24 Q466,-24,348.5,48 Q231,120,167.5,249 Q104,378,104,550 Q104,722,166,853 Q228,984,341.5,1058 Q455,1132,607,1132 Q696,1132,782.5,1102.5 Q869,1073,939.5,1007.5 Q1010,942,1052,835 Q1094,728,1094,573 L1094,498 L226,498 L226,650 L997,650 L913,594 Q913,704,878.5,789.5 Q844,875,776,923.5 Q708,972,607,972 Q506,972,434,922.5 Q362,873,324,793.5 Q286,714,286,623 L286,522 Q286,398,329,311.5 Q372,225,449.5,180.5 Q527,136,629,136 Q695,136,749,155 Q803,174,842,212.5 Q881,251,902,308 L1076,260 Q1050,176,988,112 Q926,48,834.5,12 Q743,-24,628,-24 z" fill="#000000ff" transform="matrix(0.005859375 0 0 -0.005859375 0 27.354492)"/>
<path d="M65,0 L506,643 L505,505 L88,1118 L298,1118 L437,901 Q491,817,530.5,744 Q570,671,612,603 L518,603 Q561,671,596.5,744 Q632,817,687,901 L829,1118 L1035,1118 L616,497 L616,630 L1053,0 L844,0 L680,251 Q627,333,588.5,403.5 Q550,474,509,539 L604,539 Q563,474,528,403.5 Q493,333,439,251 L273,0 L65,0 z" fill="#000000ff" transform="matrix(0.005859375 0 0 -0.005859375 6.7265625 27.354492)"/>
<path d="M613,-24 Q461,-24,346.5,48 Q232,120,168,250 Q104,380,104,552 Q104,727,168,857.5 Q232,988,346.5,1060 Q461,1132,613,1132 Q694,1132,766,1111 Q838,1090,897.5,1050.5 Q957,1011,1000,953.5 Q1043,896,1066,823 L893,774 Q881,817,856,853 Q831,889,795.5,915.5 Q760,942,714,956.5 Q668,971,613,971 Q501,971,429,912.5 Q357,854,322,759 Q287,664,287,552 Q287,442,322,347.5 Q357,253,429,195 Q501,137,613,137 Q669,137,716,152 Q763,167,799.5,194.5 Q836,222,861,260 Q886,298,898,343 L1070,294 Q1048,219,1004.5,160.5 Q961,102,901,60.5 Q841,19,768,-2.5 Q695,-24,613,-24 z" fill="#000000ff" transform="matrix(0.005859375 0 0 -0.005859375 13.0078125 27.354492)"/>
<path d="M628,-24 Q466,-24,348.5,48 Q231,120,167.5,249 Q104,378,104,550 Q104,722,166,853 Q228,984,341.5,1058 Q455,1132,607,1132 Q696,1132,782.5,1102.5 Q869,1073,939.5,1007.5 Q1010,942,1052,835 Q1094,728,1094,573 L1094,498 L226,498 L226,650 L997,650 L913,594 Q913,704,878.5,789.5 Q844,875,776,923.5 Q708,972,607,972 Q506,972,434,922.5 Q362,873,324,793.5 Q286,714,286,623 L286,522 Q286,398,329,311.5 Q372,225,449.5,180.5 Q527,136,629,136 Q695,136,749,155 Q803,174,842,212.5 Q881,251,902,308 L1076,260 Q1050,176,988,112 Q926,48,834.5,12 Q743,-24,628,-24 z" fill="#000000ff" transform="matrix(0.005859375 0 0 -0.005859375 19.863281 27.354492)"/>
<path d="M158,-418 L158,1118 L332,1118 L332,939 L352,939 Q371,969,405,1014.5 Q439,1060,503,1096 Q567,1132,676,1132 Q816,1132,922.5,1062 Q1029,992,1089.5,862.5 Q1150,733,1150,556 Q1150,378,1090,248 Q1030,118,923.5,47 Q817,-24,677,-24 Q571,-24,506,12.5 Q441,49,406,95.5 Q371,142,352,173 L338,173 L338,-418 L158,-418 z M650,137 Q755,137,825.5,193.5 Q896,250,931.5,345.5 Q967,441,967,558 Q967,674,932,767.5 Q897,861,826.5,916 Q756,971,650,971 Q547,971,477,919 Q407,867,371.5,774.5 Q336,682,336,558 Q336,434,372,339 Q408,244,478.5,190.5 Q549,137,650,137 z" fill="#000000ff" transform="matrix(0.005859375 0 0 -0.005859375 26.859375 27.354492)"/>
<path d="M598,1118 L598,964 L20,964 L20,1118 L598,1118 z M188,1384 L368,1384 L368,290 Q368,215,398.5,180.5 Q429,146,500,146 Q517,146,543.5,150 Q570,154,592,158 L629,6 Q601,-4,565.5,-9 Q530,-14,495,-14 Q350,-14,269,62.5 Q188,139,188,276 L188,1384 z" fill="#000000ff" transform="matrix(0.005859375 0 0 -0.005859375 34.20703 27.354492)"/>
<path d="M678,1118 L678,964 L20,964 L20,1118 L678,1118 z M240,0 L240,1267 Q240,1364,285.5,1429 Q331,1494,404,1527 Q477,1560,558,1560 Q622,1560,664,1549.5 Q706,1539,726,1530 L676,1376 Q662,1381,639.5,1387 Q617,1393,579,1393 Q496,1393,458,1350.5 Q420,1308,420,1227 L420,0 L240,0 z" fill="#000000ff" transform="matrix(0.005859375 0 0 -0.005859375 41.507813 27.354492)"/>
<path d="M613,-24 Q461,-24,346.5,48 Q232,120,168,250 Q104,380,104,552 Q104,727,168,857.5 Q232,988,346.5,1060 Q461,1132,613,1132 Q766,1132,881,1060 Q996,988,1060,857.5 Q1124,727,1124,552 Q1124,380,1060,250 Q996,120,881,48 Q766,-24,613,-24 z M613,137 Q726,137,799,195 Q872,253,907,347.5 Q942,442,942,552 Q942,663,907,758.5 Q872,854,799,912.5 Q726,971,613,971 Q501,971,429,912.5 Q357,854,322,759 Q287,664,287,552 Q287,442,322,347.5 Q357,253,429,195 Q501,137,613,137 z" fill="#000000ff" transform="matrix(0.005859375 0 0 -0.005859375 45.597656 27.354492)"/>
<path d="M158,0 L158,1118 L332,1118 L332,946 L344,946 Q375,1031,454.5,1082.5 Q534,1134,634,1134 Q654,1134,681.5,1133 Q709,1132,725,1131 L725,950 Q717,952,685,956 Q653,960,617,960 Q537,960,473.5,926.5 Q410,893,374,834.5 Q338,776,338,700 L338,0 L158,0 z" fill="#000000ff" transform="matrix(0.005859375 0 0 -0.005859375 52.79297 27.354492)"/>
<path d="M598,1118 L598,964 L20,964 L20,1118 L598,1118 z M188,1384 L368,1384 L368,290 Q368,215,398.5,180.5 Q429,146,500,146 Q517,146,543.5,150 Q570,154,592,158 L629,6 Q601,-4,565.5,-9 Q530,-14,495,-14 Q350,-14,269,62.5 Q188,139,188,276 L188,1384 z" fill="#000000ff" transform="matrix(0.005859375 0 0 -0.005859375 60.685547 27.354492)"/>
<path d="M338,670 L338,0 L158,0 L158,1490 L338,1490 L338,847 L307,847 Q358,1002,452.5,1067 Q547,1132,674,1132 Q787,1132,872.5,1085.5 Q958,1039,1005.5,945.5 Q1053,852,1053,710 L1053,0 L872,0 L872,695 Q872,824,804.5,897 Q737,970,620,970 Q540,970,476,935 Q412,900,375,833 Q338,766,338,670 z" fill="#000000ff" transform="matrix(0.005859375 0 0 -0.005859375 64.61133 27.354492)"/>
<path d="M158,0 L158,1118 L338,1118 L338,0 L158,0 z M249,1301 Q198,1301,161,1336 Q124,1371,124,1420 Q124,1470,161,1504.5 Q198,1539,249,1539 Q301,1539,338,1504.5 Q375,1470,375,1420 Q375,1371,338,1336 Q301,1301,249,1301 z" fill="#000000ff" transform="matrix(0.005859375 0 0 -0.005859375 71.70703 27.354492)"/>
<path d="M538,-24 Q423,-24,333.5,9.5 Q244,43,186,109 Q128,175,108,271 L279,312 Q303,220,369.5,177 Q436,134,536,134 Q653,134,722.5,184 Q792,234,792,303 Q792,361,751.5,399.5 Q711,438,628,457 L442,501 Q290,537,216,612.5 Q142,688,142,806 Q142,902,196,975.5 Q250,1049,343.5,1090.5 Q437,1132,556,1132 Q671,1132,751.5,1097.5 Q832,1063,882.5,1002.5 Q933,942,958,863 L795,821 Q772,881,718.5,930 Q665,979,557,979 Q457,979,390.5,933 Q324,887,324,817 Q324,755,369,717.5 Q414,680,512,657 L681,617 Q833,581,906,505.5 Q979,430,979,315 Q979,217,923.5,140.5 Q868,64,768.5,20 Q669,-24,538,-24 z" fill="#000000ff" transform="matrix(0.005859375 0 0 -0.005859375 74.61328 27.354492)"/>
<path d="M128,-359 L216,208 L422,208 L266,-359 L128,-359 z" fill="#000000ff" transform="matrix(0.005859375 0 0 -0.005859375 80.947266 27.354492)"/>
<path d="M370,1490 L370,0 L180,0 L180,1490 L370,1490 z" fill="#000000ff" transform="matrix(0.005859375 0 0 -0.005859375 87.7793 27.354492)"/>
<path d="M158,0 L158,1118 L333,1118 L334,868 L320,868 Q343,959,392.5,1018.5 Q442,1078,508.5,1108 Q575,1138,647,1138 Q769,1138,844.5,1063 Q920,988,942,866 L918,866 Q938,950,991,1011 Q1044,1072,1119.5,1105 Q1195,1138,1284,1138 Q1381,1138,1461,1096 Q1541,1054,1588.5,969 Q1636,884,1636,754 L1636,0 L1455,0 L1455,749 Q1455,870,1387.5,922 Q1320,974,1230,974 Q1155,974,1100.5,942.5 Q1046,911,1016.5,856 Q987,801,987,730 L987,0 L807,0 L807,767 Q807,860,745,917 Q683,974,588,974 Q523,974,465.5,943.5 Q408,913,373,853 Q338,793,338,704 L338,0 L158,0 z" fill="#000000ff" transform="matrix(0.005859375 0 0 -0.005859375 94.37695 27.354492)"/>
<path d="M628,-24 Q466,-24,348.5,48 Q231,120,167.5,249 Q104,378,104,550 Q104,722,166,853 Q228,984,341.5,1058 Q455,1132,607,1132 Q696,1132,782.5,1102.5 Q869,1073,939.5,1007.5 Q1010,942,1052,835 Q1094,728,1094,573 L1094,498 L226,498 L226,650 L997,650 L913,594 Q913,704,878.5,789.5 Q844,875,776,923.5 Q708,972,607,972 Q506,972,434,922.5 Q362,873,324,793.5 Q286,714,286,623 L286,522 Q286,398,329,311.5 Q372,225,449.5,180.5 Q527,136,629,136 Q695,136,749,155 Q803,174,842,212.5 Q881,251,902,308 L1076,260 Q1050,176,988,112 Q926,48,834.5,12 Q743,-24,628,-24 z" fill="#000000ff" transform="matrix(0.005859375 0 0 -0.005859375 104.88867 27.354492)"/>
<path d="M471,-26 Q365,-26,278.5,14 Q192,54,141,131 Q90,208,90,318 Q90,414,128,474 Q166,534,229.5,568.5 Q293,603,370,620 Q447,637,525,647 Q625,660,688,667 Q751,674,781.5,691 Q812,708,812,749 L812,755 Q812,825,786,873.5 Q760,922,708,948 Q656,974,578,974 Q498,974,441,949 Q384,924,348.5,886.5 Q313,849,295,810 L122,867 Q165,969,238,1026.5 Q311,1084,399,1108 Q487,1132,573,1132 Q629,1132,700.5,1118.5 Q772,1105,838.5,1065 Q905,1025,948.5,946.5 Q992,868,992,737 L992,0 L815,0 L815,152 L803,152 Q784,113,742,71.5 Q700,30,633,2 Q566,-26,471,-26 z M502,133 Q602,133,671,172 Q740,211,776,273.5 Q812,336,812,404 L812,559 Q801,546,764,535.5 Q727,525,679.5,517 Q632,509,587.5,503.5 Q543,498,517,495 Q452,487,395.5,467.5 Q339,448,305,410.5 Q271,373,271,309 Q271,251,301,212 Q331,173,383,153 Q435,133,502,133 z" fill="#000000ff" transform="matrix(0.005859375 0 0 -0.005859375 112.00195 27.354492)"/>
<path d="M338,670 L338,0 L158,0 L158,1118 L331,1118 L332,847 L307,847 Q358,1002,452.5,1067 Q547,1132,674,1132 Q787,1132,872,1085.5 Q957,1039,1004.5,945.5 Q1052,852,1052,710 L1052,0 L872,0 L872,695 Q872,824,804.5,897 Q737,970,620,970 Q540,970,476,935 Q412,900,375,833 Q338,766,338,670 z" fill="#000000ff" transform="matrix(0.005859375 0 0 -0.005859375 118.740234 27.354492)"/>
<path d="M295,-13 Q239,-13,199.5,26.5 Q160,66,160,122 Q160,178,199.5,217.5 Q239,257,295,257 Q351,257,390.5,217.5 Q430,178,430,122 Q430,66,390.5,26.5 Q351,-13,295,-13 z M885,-13 Q829,-13,789.5,26.5 Q750,66,750,122 Q750,178,789.5,217.5 Q829,257,885,257 Q941,257,980.5,217.5 Q1020,178,1020,122 Q1020,66,980.5,26.5 Q941,-13,885,-13 z M1475,-13 Q1419,-13,1379.5,26.5 Q1340,66,1340,122 Q1340,178,1379.5,217.5 Q1419,257,1475,257 Q1531,257,1570.5,217.5 Q1610,178,1610,122 Q1610,66,1570.5,26.5 Q1531,-13,1475,-13 z" fill="#000000ff" transform="matrix(0.005859375 0 0 -0.005859375 125.83008 27.354492)"/>
</svg>
