---
source: src/views/output/mod.rs
expression: output
---
<svg viewBox="0 0 256 128" xmlns="http://www.w3.org/2000/svg">
<path d="M16,32 C16,16,16,16,32,16 L224,16 C240,16,240,16,240,32 L240,112 C240,128,240,128,224,128 L32,128 C16,128,16,128,16,112 L16,32 z" fill="black"/>
</svg>
